2026-09-24 15:42:53 [INFO] vt-bot: ✅ Admin PB login OK
2026-09-24 15:42:53 [INFO] vt-bot: ⏰ Running daily reminder job
2026-09-24 15:42:53 [INFO] vt-bot: Daily job: 1 user(s) with Telegram linked
2026-09-24 15:42:53 [INFO] vt-bot: ✅ Daily job selesai: 0 user(s) dinotif
2026-09-24 15:43:14 [INFO] telegram.ext.Application: Application is stopping. This might take a moment.
2026-09-24 15:43:14 [INFO] apscheduler.scheduler: Scheduler has been shut down
2026-09-24 15:43:14 [INFO] telegram.ext.Application: Application.stop() complete
2026-09-24 15:43:14 [INFO] vt-bot: 🛑 Bot shutting down...
2026-09-24 15:43:14 [INFO] vt-bot: ✅ PocketBase session closed
2026-09-24 15:43:14 [INFO] vt-bot: ✅ Shutdown complete
2026-09-24 16:17:35 [INFO] vt-bot: ✅ Admin PB login OK
2026-09-24 16:17:35 [INFO] vt-bot: 🚀 Starting bot @VehiclesGuardBot
2026-09-24 16:17:35 [INFO] vt-bot: 🌐 PocketBase: https://acer-pb.gwan.my.id
2026-09-24 16:17:35 [INFO] vt-bot: 📱 WebApp URL: https://sss.gwan.my.id/tg-app
2026-09-24 16:17:35 [INFO] vt-bot: 🔗 Backend URL: http://127.0.0.1:5000
2026-09-24 16:17:35 [INFO] vt-bot: 🔐 BOT_API_KEY: ✓ set
2026-09-24 16:17:35 [INFO] vt-bot: 👤 Admins: {1234567890, 6295550979}
2026-09-24 16:17:35 [INFO] apscheduler.scheduler: Adding job tentatively -- it will be properly scheduled when the scheduler starts
2026-09-24 16:17:35 [INFO] vt-bot: ⏰ Daily job dijadwalkan jam 08:00 WIB
2026-09-24 16:17:35 [INFO] vt-bot: 🤖 Bot polling... (Ctrl+C untuk stop)
2026-09-24 16:17:36 [INFO] vt-bot: ✅ Commands list di-set (default scope)
2026-09-24 16:17:37 [WARNING] vt-bot: Gagal set admin cmd untuk 1234567890: Chat not found
2026-09-24 16:17:38 [INFO] vt-bot: ✅ Admin commands di-set untuk 2 admin
2026-09-24 16:17:38 [INFO] vt-bot: ✅ Menu button Mini App di-set → https://sss.gwan.my.id/tg-app
2026-09-24 16:17:38 [INFO] apscheduler.scheduler: Added job "daily_reminder" to job store "default"
2026-09-24 16:17:38 [INFO] apscheduler.scheduler: Scheduler started
2026-09-24 16:17:38 [INFO] telegram.ext.Application: Application started
2026-09-24 16:19:57 [INFO] apscheduler.scheduler: Added job "_trigger_timeout" to job store "default"
2026-09-24 16:20:09 [INFO] apscheduler.scheduler: Removed job 751f48a9c9d64dee9bb6c93fd819b9a7
2026-09-24 16:20:09 [INFO] apscheduler.scheduler: Added job "_trigger_timeout" to job store "default"
2026-09-24 16:20:16 [INFO] apscheduler.scheduler: Removed job 16c15076ee4d49468fed757882fd5631
2026-09-24 16:20:17 [INFO] apscheduler.scheduler: Added job "_trigger_timeout" to job store "default"
2026-09-24 16:20:26 [INFO] apscheduler.scheduler: Removed job e1027b09e93441ecbc05206ae3ca2bf9
2026-09-24 16:21:37 [INFO] apscheduler.scheduler: Added job "_trigger_timeout" to job store "default"
2026-09-24 16:21:42 [INFO] apscheduler.scheduler: Removed job 33240ff4e1434ad9a67c52a96505b2d1
2026-09-24 16:21:42 [INFO] apscheduler.scheduler: Added job "_trigger_timeout" to job store "default"
2026-09-24 16:21:52 [INFO] apscheduler.scheduler: Removed job 9e2c4e0f657548879f4e55d023ea26be
2026-09-24 16:21:53 [INFO] apscheduler.scheduler: Added job "_trigger_timeout" to job store "default"
2026-09-24 16:21:57 [INFO] apscheduler.scheduler: Removed job 2d33013cb95c45a7bed9efa88e00f36c
2026-09-24 16:24:25 [INFO] telegram.ext.Application: Application is stopping. This might take a moment.
2026-09-24 16:24:25 [INFO] apscheduler.scheduler: Scheduler has been shut down
2026-09-24 16:24:25 [INFO] telegram.ext.Application: Application.stop() complete
2026-09-24 16:24:25 [INFO] vt-bot: 🛑 Bot shutting down...
2026-09-24 16:24:25 [INFO] vt-bot: ✅ PocketBase session closed
2026-09-24 16:24:25 [INFO] vt-bot: ✅ Shutdown complete
2026-09-24 16:24:30 [INFO] vt-bot: ✅ Admin PB login OK
2026-09-24 16:24:30 [INFO] vt-bot: 🚀 Starting bot @VehiclesGuardBot
2026-09-24 16:24:30 [INFO] vt-bot: 🌐 PocketBase: https://acer-pb.gwan.my.id
2026-09-24 16:24:30 [INFO] vt-bot: 📱 WebApp URL: https://sss.gwan.my.id/tg-app
2026-09-24 16:24:30 [INFO] vt-bot: 🔗 Backend URL: http://127.0.0.1:5000
2026-09-24 16:24:30 [INFO] vt-bot: 🔐 BOT_API_KEY: ✓ set
2026-09-24 16:24:30 [INFO] vt-bot: 👤 Admins: {1234567890, 6295550979}
2026-09-24 16:24:30 [INFO] apscheduler.scheduler: Adding job tentatively -- it will be properly scheduled when the scheduler starts
2026-09-24 16:24:30 [INFO] vt-bot: ⏰ Daily job dijadwalkan jam 08:00 WIB
2026-09-24 16:24:30 [INFO] vt-bot: 🤖 Bot polling... (Ctrl+C untuk stop)
2026-09-24 16:24:32 [INFO] vt-bot: ✅ Commands list di-set (default scope)
2026-09-24 16:24:32 [WARNING] vt-bot: Gagal set admin cmd untuk 1234567890: Chat not found
2026-09-24 16:24:33 [INFO] vt-bot: ✅ Admin commands di-set untuk 2 admin
2026-09-24 16:24:33 [INFO] vt-bot: ✅ Menu button Mini App di-set → https://sss.gwan.my.id/tg-app
2026-09-24 16:24:33 [INFO] apscheduler.scheduler: Added job "daily_reminder" to job store "default"
2026-09-24 16:24:33 [INFO] apscheduler.scheduler: Scheduler started
2026-09-24 16:24:33 [INFO] telegram.ext.Application: Application started
2026-09-24 16:25:34 [INFO] apscheduler.scheduler: Added job "_trigger_timeout" to job store "default"
2026-09-24 16:25:42 [INFO] apscheduler.scheduler: Removed job dab8fb64cd10438db7a75125dca297db
2026-09-24 16:25:43 [INFO] apscheduler.scheduler: Added job "_trigger_timeout" to job store "default"
2026-09-24 16:25:52 [INFO] apscheduler.scheduler: Removed job c88161c82aa840b0a71d47fcb92d8dce
2026-09-24 16:25:53 [INFO] apscheduler.scheduler: Added job "_trigger_timeout" to job store "default"
2026-09-24 16:25:55 [INFO] apscheduler.scheduler: Removed job f6f7f2c8723641b4a9464626a9c24631
2026-09-24 16:29:07 [INFO] apscheduler.scheduler: Added job "_trigger_timeout" to job store "default"
2026-09-24 16:29:10 [INFO] apscheduler.scheduler: Removed job 5f1efebf9c6e4b8584e1a280015dc705
2026-09-24 16:29:10 [INFO] apscheduler.scheduler: Added job "_trigger_timeout" to job store "default"
2026-09-24 16:29:16 [INFO] apscheduler.scheduler: Removed job 52f84210cbab4e5d99f3db1419952068
2026-09-24 16:29:17 [INFO] apscheduler.scheduler: Added job "_trigger_timeout" to job store "default"
2026-09-24 16:29:18 [INFO] apscheduler.scheduler: Removed job 4c7f60ea440f4c29a57fe36b242bac63
2026-09-24 16:29:24 [INFO] apscheduler.scheduler: Added job "del_pwd_63" to job store "default"
2026-09-24 16:29:24 [INFO] vt-bot: ✅ User registered via bot: tg_id=1927162202, name=Manolo
2026-09-24 16:30:24 [INFO] apscheduler.scheduler: Removed job 3597f50a0a20442d920effac8154db47
2026-09-24 16:30:24 [INFO] apscheduler.executors.default: Running job "del_pwd_63 (trigger: date[2026-09-24 09:30:24 UTC], next run at: 2026-09-24 09:30:24 UTC)" (scheduled at 2026-09-24 09:30:24.904483+00:00)
2026-09-24 16:30:25 [INFO] vt-bot: [register] Password message auto-deleted
2026-09-24 16:30:25 [INFO] apscheduler.executors.default: Job "del_pwd_63 (trigger: date[2026-09-24 09:30:24 UTC], next run at: 2026-09-24 09:30:24 UTC)" executed successfully
2026-09-24 20:31:18 [INFO] telegram.ext.Application: Application is stopping. This might take a moment.
2026-09-24 20:31:18 [INFO] apscheduler.scheduler: Scheduler has been shut down
2026-09-24 20:31:18 [INFO] telegram.ext.Application: Application.stop() complete
2026-09-24 20:31:18 [INFO] vt-bot: 🛑 Bot shutting down...
2026-09-24 20:31:18 [INFO] vt-bot: ✅ PocketBase session closed
2026-09-24 20:31:18 [INFO] vt-bot: ✅ Shutdown complete
